#-----------------------------------------------------------
# Vivado v2019.1 (64-bit)
# SW Build 2552052 on Fri May 24 14:49:42 MDT 2019
# IP Build 2548770 on Fri May 24 18:01:18 MDT 2019
# Start of session at: Thu Jan 16 18:53:57 2020
# Process ID: 7192
# Current directory: C:/Users/guill/Documents/SED/TRABAJO_VHDL
# Command line: vivado.exe -gui_launcher_event rodinguilauncherevent10500 C:\Users\guill\Documents\SED\TRABAJO_VHDL\trabajo.xpr
# Log file: C:/Users/guill/Documents/SED/TRABAJO_VHDL/vivado.log
# Journal file: C:/Users/guill/Documents/SED/TRABAJO_VHDL\vivado.jou
#-----------------------------------------------------------
start_gui
open_project C:/Users/guill/Documents/SED/TRABAJO_VHDL/trabajo.xpr
update_compile_order -fileset sources_1
update_files -from_files C:/Users/guill/Documents/SED/TRABAJO_VHDL/Nexys4DDR_Master.xdc -to_files C:/Users/guill/Documents/SED/Nexys4DDR_Master.xdc -filesets [get_filesets *]
set_property target_constrs_file C:/Users/guill/Documents/SED/TRABAJO_VHDL/Nexys4DDR_Master.xdc [current_fileset -constrset]
